mode: set
github.com/onehumancorp/mono/srcs/server/orchestration/locks.go:22.52,26.2 3 1
github.com/onehumancorp/mono/srcs/server/orchestration/locks.go:28.87,31.47 2 1
github.com/onehumancorp/mono/srcs/server/orchestration/locks.go:31.47,33.3 1 1
github.com/onehumancorp/mono/srcs/server/orchestration/locks.go:35.2,35.22 1 1
github.com/onehumancorp/mono/srcs/server/orchestration/locks.go:35.22,37.17 2 1
github.com/onehumancorp/mono/srcs/server/orchestration/locks.go:37.17,39.4 1 0
github.com/onehumancorp/mono/srcs/server/orchestration/locks.go:40.3,40.10 1 1
github.com/onehumancorp/mono/srcs/server/orchestration/locks.go:40.10,42.4 1 0
github.com/onehumancorp/mono/srcs/server/orchestration/locks.go:43.3,43.13 1 1
github.com/onehumancorp/mono/srcs/server/orchestration/locks.go:52.42,56.2 1 1
github.com/onehumancorp/mono/srcs/server/orchestration/locks.go:58.92,60.35 2 1
github.com/onehumancorp/mono/srcs/server/orchestration/locks.go:60.35,62.3 1 1
github.com/onehumancorp/mono/srcs/server/orchestration/locks.go:63.2,68.22 4 1
github.com/onehumancorp/mono/srcs/server/orchestration/locks.go:68.22,71.3 2 1
github.com/onehumancorp/mono/srcs/server/orchestration/statemachine.go:47.75,52.2 1 1
github.com/onehumancorp/mono/srcs/server/orchestration/statemachine.go:54.85,56.2 1 1
github.com/onehumancorp/mono/srcs/server/orchestration/statemachine.go:58.106,60.2 1 1
github.com/onehumancorp/mono/srcs/server/orchestration/statemachine.go:62.89,64.2 1 1
github.com/onehumancorp/mono/srcs/server/orchestration/statemachine.go:66.87,68.2 1 1
github.com/onehumancorp/mono/srcs/server/orchestration/statemachine.go:70.86,72.2 1 1
github.com/onehumancorp/mono/srcs/server/orchestration/statemachine.go:74.110,76.16 2 1
github.com/onehumancorp/mono/srcs/server/orchestration/statemachine.go:76.16,78.3 1 0
github.com/onehumancorp/mono/srcs/server/orchestration/statemachine.go:79.2,82.16 3 1
github.com/onehumancorp/mono/srcs/server/orchestration/statemachine.go:82.16,84.3 1 0
github.com/onehumancorp/mono/srcs/server/orchestration/statemachine.go:86.2,86.88 1 1
github.com/onehumancorp/mono/srcs/server/orchestration/statemachine.go:86.88,88.3 1 1
github.com/onehumancorp/mono/srcs/server/orchestration/statemachine.go:90.2,90.80 1 1
github.com/onehumancorp/mono/srcs/server/orchestration/statemachine.go:90.80,92.3 1 0
github.com/onehumancorp/mono/srcs/server/orchestration/statemachine.go:96.2,96.12 1 1
