// Vitest Snapshot v1, https://vitest.dev/guide/snapshot.html

exports[`protected backend transport source contract > keeps backend origin and browser identity forwarding out of route handlers 1`] = `
[
  "src/app/api/auto-catalog/route.ts: browser identity forwarding",
  "src/app/api/deerflow/run/route.ts: direct backend configuration",
  "src/app/api/generate-offering/route.ts: direct backend configuration",
  "src/app/api/generate-offering/route.ts: browser identity forwarding",
  "src/app/api/kitchen/orders/translate/route.ts: direct backend configuration",
  "src/app/api/product/route.ts: direct backend configuration",
  "src/app/api/product/route.ts: browser identity forwarding",
  "src/app/api/ui/prep-forecast/route.ts: direct backend configuration",
  "src/app/api/v1/booking/conversational_checkout/route.ts: direct backend configuration",
  "src/app/api/v1/booking/conversational_checkout/route.ts: browser identity forwarding",
  "src/app/api/v1/booking/engine/availability/route.ts: direct backend configuration",
  "src/app/api/v1/booking/engine/availability/route.ts: browser identity forwarding",
  "src/app/api/v1/booking/engine/reserve/route.ts: direct backend configuration",
  "src/app/api/v1/booking/engine/reserve/route.ts: browser identity forwarding",
  "src/app/api/v1/booking/request/route.ts: direct backend configuration",
  "src/app/api/v1/booking/request/route.ts: browser identity forwarding",
  "src/app/api/v1/booking/reserve_time_slot/route.ts: direct backend configuration",
  "src/app/api/v1/booking/reserve_time_slot/route.ts: browser identity forwarding",
  "src/app/api/v1/builder/edge/[tenantId]/[siteId]/route.ts: direct backend configuration",
  "src/app/api/v1/chaos/report/route.ts: direct backend configuration",
  "src/app/api/v1/chaos/report/route.ts: browser identity forwarding",
  "src/app/api/v1/field-ops/appointments/route.ts: direct backend configuration",
  "src/app/api/v1/field-ops/appointments/route.ts: browser identity forwarding",
  "src/app/api/v1/field-ops/optimize-route/route.ts: direct backend configuration",
  "src/app/api/v1/field-ops/optimize-route/route.ts: browser identity forwarding",
  "src/app/api/v1/field-ops/running-late/route.ts: direct backend configuration",
  "src/app/api/v1/field-ops/running-late/route.ts: browser identity forwarding",
  "src/app/api/v1/growth/affiliate/generate-link/route.ts: browser identity forwarding",
  "src/app/api/v1/growth/affiliate/stats/route.ts: browser identity forwarding",
  "src/app/api/v1/growth/affiliate/track/route.ts: browser identity forwarding",
  "src/app/api/v1/growth/campaign/abandoned-carts-count/route.ts: browser identity forwarding",
  "src/app/api/v1/growth/campaign/generate-customer-referral/route.ts: direct backend configuration",
  "src/app/api/v1/growth/campaign/generate-review/route.ts: browser identity forwarding",
  "src/app/api/v1/growth/campaign/send/route.ts: direct backend configuration",
  "src/app/api/v1/growth/campaign/send-receipt/route.ts: direct backend configuration",
  "src/app/api/v1/growth/cloud-bridge/invite/route.ts: browser identity forwarding",
  "src/app/api/v1/growth/milestone/card/route.ts: direct backend configuration",
  "src/app/api/v1/growth/milestone/card/route.ts: browser identity forwarding",
  "src/app/api/v1/growth/milestone/route.ts: direct backend configuration",
  "src/app/api/v1/growth/milestones/check/route.ts: direct backend configuration",
  "src/app/api/v1/growth/promoter/generate/route.ts: direct backend configuration",
  "src/app/api/v1/growth/referrals/click/route.ts: browser identity forwarding",
  "src/app/api/v1/growth/referrals/convert/route.ts: browser identity forwarding",
  "src/app/api/v1/growth/referrals/stats/route.ts: browser identity forwarding",
  "src/app/api/v1/growth/team-invites/aggregated-metrics/route.ts: browser identity forwarding",
  "src/app/api/v1/growth/team-invites/route.ts: browser identity forwarding",
  "src/app/api/v1/growth/trial-extension/claim/route.ts: direct backend configuration",
  "src/app/api/v1/growth/trial-extension/claim/route.ts: browser identity forwarding",
  "src/app/api/v1/growth/upgrade-paywall/route.ts: direct backend configuration",
  "src/app/api/v1/growth/upgrade-paywall/route.ts: browser identity forwarding",
  "src/app/api/v1/growth/wrapped/route.ts: browser identity forwarding",
  "src/app/api/v1/inbox/webhook/route.ts: direct backend configuration",
  "src/app/api/v1/inbox/webhook/route.ts: browser identity forwarding",
  "src/app/api/v1/integrations/[id]/connect/route.ts: direct backend configuration",
  "src/app/api/v1/integrations/[id]/connect/route.ts: browser identity forwarding",
  "src/app/api/v1/integrations/manychat/draft/route.ts: direct backend configuration",
  "src/app/api/v1/integrations/manychat/draft/route.ts: browser identity forwarding",
  "src/app/api/v1/integrations/manychat/send/route.ts: direct backend configuration",
  "src/app/api/v1/integrations/manychat/send/route.ts: browser identity forwarding",
  "src/app/api/v1/integrations/whatsapp/connect/route.ts: direct backend configuration",
  "src/app/api/v1/integrations/whatsapp/connect/route.ts: browser identity forwarding",
  "src/app/api/v1/integrations/whatsapp_cloud_api/connect/route.ts: direct backend configuration",
  "src/app/api/v1/integrations/whatsapp_cloud_api/connect/route.ts: browser identity forwarding",
  "src/app/api/v1/shipping/label/route.ts: direct backend configuration",
  "src/app/api/v1/shipping/label/route.ts: browser identity forwarding",
  "src/app/api/v1/shipping/rates/route.ts: direct backend configuration",
  "src/app/api/v1/shipping/rates/route.ts: browser identity forwarding",
  "src/app/api/v1/work-intake/submit/route.ts: direct backend configuration",
  "src/app/api/workflow/run/route.ts: direct backend configuration",
]
`;
